\BOOKMARK [0][-]{chapter*.2}{\376\377\004\022\004\062\004\065\004\064\004\065\004\075\004\070\004\065}{}% 1
\BOOKMARK [0][-]{chapter.1}{\376\377\004\033\004\060\004\061\004\076\004\100\004\060\004\102\004\076\004\100\004\075\004\060\004\117\000\040\004\100\004\060\004\061\004\076\004\102\004\060\000\040\041\026\0001\000.\000\040\000H\000u\000a\000w\000e\000i\000\040\000V\000R\000P\000\040\004\070\000\040\004\076\004\101\004\075\004\076\004\062\004\113\000\040\004\072\004\076\004\075\004\104\004\070\004\063\004\103\004\100\004\070\004\100\004\076\004\062\004\060\004\075\004\070\004\117}{}% 2
\BOOKMARK [1][-]{section.1.1}{\376\377\004\046\004\065\004\073\004\070}{chapter.1}% 3
\BOOKMARK [1][-]{section.1.2}{\376\377\004\042\004\076\004\077\004\076\004\073\004\076\004\063\004\070\004\117\000\040\004\101\004\065\004\102\004\070}{chapter.1}% 4
\BOOKMARK [1][-]{section.1.3}{\376\377\004\037\004\073\004\060\004\075\000\040\004\100\004\060\004\061\004\076\004\102\004\113}{chapter.1}% 5
\BOOKMARK [1][-]{section.1.4}{\376\377\004\037\004\100\004\076\004\106\004\065\004\064\004\103\004\100\004\060\000\040\004\072\004\076\004\075\004\104\004\070\004\063\004\103\004\100\004\070\004\100\004\076\004\062\004\060\004\075\004\070\004\117}{chapter.1}% 6
\BOOKMARK [1][-]{section.1.5}{\376\377\004\022\004\076\004\077\004\100\004\076\004\101\004\113}{chapter.1}% 7
\BOOKMARK [0][-]{chapter.2}{\376\377\004\033\004\060\004\061\004\076\004\100\004\060\004\102\004\076\004\100\004\075\004\060\004\117\000\040\004\100\004\060\004\061\004\076\004\102\004\060\000\040\041\026\0002\000.\000\040\004\041\004\076\004\067\004\064\004\060\004\075\004\070\004\065\000\040\004\062\004\067\004\060\004\070\004\074\004\076\004\101\004\062\004\117\004\067\004\060\004\075\004\075\004\076\004\071\000\040\000I\000P\000-\004\101\004\065\004\102\004\070}{}% 8
\BOOKMARK [1][-]{section.2.1}{\376\377\004\033\004\060\004\061\004\076\004\100\004\060\004\102\004\076\004\100\004\075\004\060\004\117\000\040\004\100\004\060\004\061\004\076\004\102\004\060\000\040\041\026\0002\000.\0001\000.\000\040\004\020\004\064\004\100\004\065\004\101\004\060\004\106\004\070\004\117\000\040\004\070\000\040\004\074\004\060\004\100\004\110\004\100\004\103\004\102\004\070\004\067\004\060\004\106\004\070\004\117\000\040\000I\000P\000v\0004}{chapter.2}% 9
\BOOKMARK [2][-]{subsection.2.1.1}{\376\377\004\046\004\065\004\073\004\070}{section.2.1}% 10
\BOOKMARK [2][-]{subsection.2.1.2}{\376\377\004\042\004\076\004\077\004\076\004\073\004\076\004\063\004\070\004\117\000\040\004\101\004\065\004\102\004\070}{section.2.1}% 11
\BOOKMARK [2][-]{subsection.2.1.3}{\376\377\004\037\004\073\004\060\004\075\000\040\004\100\004\060\004\061\004\076\004\102\004\113}{section.2.1}% 12
\BOOKMARK [2][-]{subsection.2.1.4}{\376\377\004\037\004\100\004\076\004\106\004\065\004\064\004\103\004\100\004\060\000\040\004\072\004\076\004\075\004\104\004\070\004\063\004\103\004\100\004\070\004\100\004\076\004\062\004\060\004\075\004\070\004\117}{section.2.1}% 13
\BOOKMARK [1][-]{section.2.2}{\376\377\004\022\004\076\004\077\004\100\004\076\004\101\004\113}{chapter.2}% 14
\BOOKMARK [1][-]{section.2.3}{\376\377\004\033\004\060\004\061\004\076\004\100\004\060\004\102\004\076\004\100\004\075\004\060\004\117\000\040\004\100\004\060\004\061\004\076\004\102\004\060\000\040\041\026\0002\000.\0002\000.\000\040\004\020\004\064\004\100\004\065\004\101\004\060\004\106\004\070\004\117\000\040\004\070\000\040\004\074\004\060\004\100\004\110\004\100\004\103\004\102\004\070\004\067\004\060\004\106\004\070\004\117\000\040\000I\000P\000v\0004}{chapter.2}% 15
\BOOKMARK [2][-]{subsection.2.3.1}{\376\377\004\046\004\065\004\073\004\070}{section.2.3}% 16
\BOOKMARK [2][-]{subsection.2.3.2}{\376\377\004\042\004\076\004\077\004\076\004\073\004\076\004\063\004\070\004\117\000\040\004\101\004\065\004\102\004\070}{section.2.3}% 17
\BOOKMARK [2][-]{subsection.2.3.3}{\376\377\004\037\004\073\004\060\004\075\000\040\004\100\004\060\004\061\004\076\004\102\004\113}{section.2.3}% 18
\BOOKMARK [2][-]{subsection.2.3.4}{\376\377\004\037\004\100\004\076\004\106\004\065\004\064\004\103\004\100\004\060\000\040\004\072\004\076\004\075\004\104\004\070\004\063\004\103\004\100\004\070\004\100\004\076\004\062\004\060\004\075\004\070\004\117}{section.2.3}% 19
\BOOKMARK [1][-]{section.2.4}{\376\377\004\022\004\076\004\077\004\100\004\076\004\101\004\113\000.}{chapter.2}% 20
\BOOKMARK [0][-]{chapter.3}{\376\377\004\033\004\060\004\061\004\076\004\100\004\060\004\102\004\076\004\100\004\075\004\060\004\117\000\040\004\100\004\060\004\061\004\076\004\102\004\060\000\040\041\026\0003\000.\000\040\004\041\004\076\004\067\004\064\004\060\004\075\004\070\004\065\000\040\004\072\004\076\004\074\004\074\004\103\004\102\004\070\004\100\004\103\004\065\004\074\004\076\004\071\000\040\004\101\004\065\004\102\004\070\000\040\000E\000t\000h\000e\000r\000n\000e\000t\000.}{}% 21
\BOOKMARK [1][-]{section.3.1}{\376\377\004\033\004\060\004\061\004\076\004\100\004\060\004\102\004\076\004\100\004\075\004\060\004\117\000\040\004\100\004\060\004\061\004\076\004\102\004\060\000\040\041\026\0003\000.\0001\000.\004\036\004\101\004\075\004\076\004\062\004\113\000\040\000E\000t\000h\000e\000r\000n\000e\000t\000\040\004\070\000\040\004\072\004\076\004\075\004\104\004\070\004\063\004\103\004\100\004\070\004\100\004\076\004\062\004\060\004\075\004\070\004\065\000\040\000V\000L\000A\000N}{chapter.3}% 22
\BOOKMARK [2][-]{subsection.3.1.1}{\376\377\004\046\004\065\004\073\004\070}{section.3.1}% 23
\BOOKMARK [2][-]{subsection.3.1.2}{\376\377\004\042\004\076\004\077\004\076\004\073\004\076\004\063\004\070\004\117\000\040\004\101\004\065\004\102\004\070}{section.3.1}% 24
\BOOKMARK [2][-]{subsection.3.1.3}{\376\377\004\037\004\073\004\060\004\075\000\040\004\100\004\060\004\061\004\076\004\102\004\113}{section.3.1}% 25
\BOOKMARK [2][-]{subsection.3.1.4}{\376\377\004\037\004\100\004\076\004\106\004\065\004\064\004\103\004\100\004\060\000\040\004\072\004\076\004\075\004\104\004\070\004\063\004\103\004\100\004\070\004\100\004\076\004\062\004\060\004\075\004\070\004\117}{section.3.1}% 26
\BOOKMARK [2][-]{subsection.3.1.5}{\376\377\004\022\004\076\004\077\004\100\004\076\004\101\004\113\000.}{section.3.1}% 27
\BOOKMARK [1][-]{section.3.2}{\376\377\004\033\004\060\004\061\004\076\004\100\004\060\004\102\004\076\004\100\004\075\004\060\004\117\000\040\004\100\004\060\004\061\004\076\004\102\004\060\000\040\041\026\0003\000.\0002\000.\000\040\004\037\004\100\004\076\004\102\004\076\004\072\004\076\004\073\000\040\004\101\004\062\004\117\004\067\004\103\004\116\004\111\004\065\004\063\004\076\000\040\004\064\004\065\004\100\004\065\004\062\004\060\000\040\000\050\000S\000T\000P\000\051}{chapter.3}% 28
\BOOKMARK [2][-]{subsection.3.2.1}{\376\377\004\046\004\065\004\073\004\070}{section.3.2}% 29
\BOOKMARK [2][-]{subsection.3.2.2}{\376\377\004\042\004\076\004\077\004\076\004\073\004\076\004\063\004\070\004\117\000\040\004\101\004\065\004\102\004\070}{section.3.2}% 30
\BOOKMARK [2][-]{subsection.3.2.3}{\376\377\004\037\004\073\004\060\004\075\000\040\004\100\004\060\004\061\004\076\004\102\004\113}{section.3.2}% 31
\BOOKMARK [2][-]{subsection.3.2.4}{\376\377\004\037\004\100\004\076\004\106\004\065\004\064\004\103\004\100\004\060\000\040\004\072\004\076\004\075\004\104\004\070\004\063\004\103\004\100\004\070\004\100\004\076\004\062\004\060\004\075\004\070\004\117}{section.3.2}% 32
\BOOKMARK [1][-]{section.3.3}{\376\377\004\033\004\060\004\061\004\076\004\100\004\060\004\102\004\076\004\100\004\075\004\060\004\117\000\040\004\100\004\060\004\061\004\076\004\102\004\060\000\040\041\026\0003\000.\0003\000.\000\040\004\020\004\063\004\100\004\065\004\063\004\070\004\100\004\076\004\062\004\060\004\075\004\070\004\065\000\040\004\072\004\060\004\075\004\060\004\073\004\076\004\062\000\040\000E\000t\000h\000e\000r\000n\000e\000t\000.}{chapter.3}% 33
\BOOKMARK [2][-]{subsection.3.3.1}{\376\377\004\046\004\065\004\073\004\070}{section.3.3}% 34
\BOOKMARK [2][-]{subsection.3.3.2}{\376\377\004\042\004\076\004\077\004\076\004\073\004\076\004\063\004\070\004\117\000\040\004\101\004\065\004\102\004\070}{section.3.3}% 35
\BOOKMARK [2][-]{subsection.3.3.3}{\376\377\004\037\004\073\004\060\004\075\000\040\004\100\004\060\004\061\004\076\004\102\004\113}{section.3.3}% 36
\BOOKMARK [2][-]{subsection.3.3.4}{\376\377\004\037\004\100\004\076\004\106\004\065\004\064\004\103\004\100\004\060\000\040\004\072\004\076\004\075\004\104\004\070\004\063\004\103\004\100\004\070\004\100\004\076\004\062\004\060\004\075\004\070\004\117}{section.3.3}% 37
\BOOKMARK [2][-]{subsection.3.3.5}{\376\377\004\022\004\076\004\077\004\100\004\076\004\101\004\113\000.}{section.3.3}% 38
\BOOKMARK [1][-]{section.3.4}{\376\377\004\033\004\060\004\061\004\076\004\100\004\060\004\102\004\076\004\100\004\075\004\060\004\117\000\040\004\100\004\060\004\061\004\076\004\102\004\060\000\040\041\026\0003\000.\0004\000.\000\040\004\041\004\062\004\117\004\067\004\114\000\040\004\074\004\065\004\066\004\064\004\103\000\040\000V\000L\000A\000N}{chapter.3}% 39
\BOOKMARK [2][-]{subsection.3.4.1}{\376\377\004\046\004\065\004\073\004\070}{section.3.4}% 40
\BOOKMARK [2][-]{subsection.3.4.2}{\376\377\004\042\004\076\004\077\004\076\004\073\004\076\004\063\004\070\004\117\000\040\004\101\004\065\004\102\004\070}{section.3.4}% 41
\BOOKMARK [2][-]{subsection.3.4.3}{\376\377\004\037\004\073\004\060\004\075\000\040\004\100\004\060\004\061\004\076\004\102\004\113}{section.3.4}% 42
\BOOKMARK [2][-]{subsection.3.4.4}{\376\377\004\037\004\100\004\076\004\106\004\065\004\064\004\103\004\100\004\060\000\040\004\072\004\076\004\075\004\104\004\070\004\063\004\103\004\100\004\070\004\100\004\076\004\062\004\060\004\075\004\070\004\117}{section.3.4}% 43
\BOOKMARK [2][-]{subsection.3.4.5}{\376\377\004\022\004\076\004\077\004\100\004\076\004\101\004\113\000.}{section.3.4}% 44
\BOOKMARK [0][-]{chapter.4}{\376\377\004\033\004\060\004\061\004\076\004\100\004\060\004\102\004\076\004\100\004\075\004\060\004\117\000\040\004\100\004\060\004\061\004\076\004\102\004\060\000\040\041\026\0004\000.\000\040\004\036\004\101\004\075\004\076\004\062\004\113\000\040\004\101\004\065\004\102\004\065\004\062\004\076\004\071\000\040\004\061\004\065\004\067\004\076\004\077\004\060\004\101\004\075\004\076\004\101\004\102\004\070\000\040\004\070\000\040\004\064\004\076\004\101\004\102\004\103\004\077\004\060\000\040\004\072\000\040\004\101\004\065\004\102\004\070\000.}{}% 45
\BOOKMARK [1][-]{section.4.1}{\376\377\004\033\004\060\004\061\004\076\004\100\004\060\004\102\004\076\004\100\004\075\004\060\004\117\000\040\004\100\004\060\004\061\004\076\004\102\004\060\000\040\041\026\0004\000.\0001\000.\000\040\004\035\004\060\004\101\004\102\004\100\004\076\004\071\004\072\004\060\000\040\000A\000C\000L\000.}{chapter.4}% 46
\BOOKMARK [2][-]{subsection.4.1.1}{\376\377\004\046\004\065\004\073\004\070}{section.4.1}% 47
\BOOKMARK [2][-]{subsection.4.1.2}{\376\377\004\042\004\076\004\077\004\076\004\073\004\076\004\063\004\070\004\117\000\040\004\101\004\065\004\102\004\070}{section.4.1}% 48
\BOOKMARK [2][-]{subsection.4.1.3}{\376\377\004\037\004\073\004\060\004\075\000\040\004\100\004\060\004\061\004\076\004\102\004\113}{section.4.1}% 49
\BOOKMARK [2][-]{subsection.4.1.4}{\376\377\004\037\004\100\004\076\004\106\004\065\004\064\004\103\004\100\004\060\000\040\004\072\004\076\004\075\004\104\004\070\004\063\004\103\004\100\004\070\004\100\004\076\004\062\004\060\004\075\004\070\004\117}{section.4.1}% 50
\BOOKMARK [2][-]{subsection.4.1.5}{\376\377\004\022\004\076\004\077\004\100\004\076\004\101\004\113\000.}{section.4.1}% 51
\BOOKMARK [1][-]{section.4.2}{\376\377\004\033\004\060\004\061\004\076\004\100\004\060\004\102\004\076\004\100\004\075\004\060\004\117\000\040\004\100\004\060\004\061\004\076\004\102\004\060\000\040\041\026\0004\000.\0002\000.\000\040\004\035\004\060\004\101\004\102\004\100\004\076\004\071\004\072\004\060\000\040\004\073\004\076\004\072\004\060\004\073\004\114\004\075\004\076\004\063\004\076\000\040\004\074\004\065\004\105\004\060\004\075\004\070\004\067\004\074\004\060\000\040\000A\000A\000A\000.}{chapter.4}% 52
\BOOKMARK [2][-]{subsection.4.2.1}{\376\377\004\046\004\065\004\073\004\070}{section.4.2}% 53
\BOOKMARK [2][-]{subsection.4.2.2}{\376\377\004\042\004\076\004\077\004\076\004\073\004\076\004\063\004\070\004\117\000\040\004\101\004\065\004\102\004\070}{section.4.2}% 54
\BOOKMARK [2][-]{subsection.4.2.3}{\376\377\004\037\004\073\004\060\004\075\000\040\004\100\004\060\004\061\004\076\004\102\004\113}{section.4.2}% 55
\BOOKMARK [2][-]{subsection.4.2.4}{\376\377\004\037\004\100\004\076\004\106\004\065\004\064\004\103\004\100\004\060\000\040\004\072\004\076\004\075\004\104\004\070\004\063\004\103\004\100\004\070\004\100\004\076\004\062\004\060\004\075\004\070\004\117}{section.4.2}% 56
\BOOKMARK [1][-]{section.4.3}{\376\377\004\033\004\060\004\061\004\076\004\100\004\060\004\102\004\076\004\100\004\075\004\060\004\117\000\040\004\100\004\060\004\061\004\076\004\102\004\060\000\040\041\026\0004\000.\0003\000.\000\040\004\035\004\060\004\101\004\102\004\100\004\076\004\071\004\072\004\060\000\040\000N\000A\000T\000.}{chapter.4}% 57
\BOOKMARK [2][-]{subsection.4.3.1}{\376\377\004\046\004\065\004\073\004\070}{section.4.3}% 58
\BOOKMARK [2][-]{subsection.4.3.2}{\376\377\004\042\004\076\004\077\004\076\004\073\004\076\004\063\004\070\004\117\000\040\004\101\004\065\004\102\004\070}{section.4.3}% 59
\BOOKMARK [2][-]{subsection.4.3.3}{\376\377\004\037\004\073\004\060\004\075\000\040\004\100\004\060\004\061\004\076\004\102\004\113}{section.4.3}% 60
\BOOKMARK [2][-]{subsection.4.3.4}{\376\377\004\037\004\100\004\076\004\106\004\065\004\064\004\103\004\100\004\060\000\040\004\072\004\076\004\075\004\104\004\070\004\063\004\103\004\100\004\070\004\100\004\076\004\062\004\060\004\075\004\070\004\117}{section.4.3}% 61
\BOOKMARK [0][-]{chapter.5}{\376\377\004\033\004\060\004\061\004\076\004\100\004\060\004\102\004\076\004\100\004\075\004\060\004\117\000\040\004\100\004\060\004\061\004\076\004\102\004\060\000\040\041\026\0005\000.\000\040\004\032\004\076\004\075\004\104\004\070\004\063\004\103\004\100\004\070\004\100\004\076\004\062\004\060\004\075\004\070\004\065\000\040\004\076\004\101\004\075\004\076\004\062\004\075\004\113\004\105\000\040\004\101\004\065\004\102\004\065\004\062\004\113\004\105\000\040\004\101\004\073\004\103\004\066\004\061\000.}{}% 62
\BOOKMARK [1][-]{section.5.1}{\376\377\004\033\004\060\004\061\004\076\004\100\004\060\004\102\004\076\004\100\004\075\004\060\004\117\000\040\004\100\004\060\004\061\004\076\004\102\004\060\000\040\041\026\0005\000.\0001\000.\000\040\004\035\004\060\004\101\004\102\004\100\004\076\004\071\004\072\004\060\000\040\000F\000T\000P\000.}{chapter.5}% 63
\BOOKMARK [2][-]{subsection.5.1.1}{\376\377\004\046\004\065\004\073\004\070}{section.5.1}% 64
\BOOKMARK [2][-]{subsection.5.1.2}{\376\377\004\042\004\076\004\077\004\076\004\073\004\076\004\063\004\070\004\117\000\040\004\101\004\065\004\102\004\070}{section.5.1}% 65
\BOOKMARK [2][-]{subsection.5.1.3}{\376\377\004\037\004\073\004\060\004\075\000\040\004\100\004\060\004\061\004\076\004\102\004\113}{section.5.1}% 66
\BOOKMARK [2][-]{subsection.5.1.4}{\376\377\004\037\004\100\004\076\004\106\004\065\004\064\004\103\004\100\004\060\000\040\004\072\004\076\004\075\004\104\004\070\004\063\004\103\004\100\004\070\004\100\004\076\004\062\004\060\004\075\004\070\004\117}{section.5.1}% 67
\BOOKMARK [1][-]{section.5.2}{\376\377\004\033\004\060\004\061\004\076\004\100\004\060\004\102\004\076\004\100\004\075\004\060\004\117\000\040\004\100\004\060\004\061\004\076\004\102\004\060\000\040\041\026\0005\000.\0002\000.\000\040\004\032\004\076\004\075\004\104\004\070\004\063\004\103\004\100\004\070\004\100\004\076\004\062\004\060\004\075\004\070\004\065\000\040\000D\000H\000C\000P\000.}{chapter.5}% 68
\BOOKMARK [2][-]{subsection.5.2.1}{\376\377\004\046\004\065\004\073\004\070}{section.5.2}% 69
\BOOKMARK [2][-]{subsection.5.2.2}{\376\377\004\042\004\076\004\077\004\076\004\073\004\076\004\063\004\070\004\117\000\040\004\101\004\065\004\102\004\070}{section.5.2}% 70
\BOOKMARK [2][-]{subsection.5.2.3}{\376\377\004\037\004\073\004\060\004\075\000\040\004\100\004\060\004\061\004\076\004\102\004\113}{section.5.2}% 71
\BOOKMARK [2][-]{subsection.5.2.4}{\376\377\004\037\004\100\004\076\004\106\004\065\004\064\004\103\004\100\004\060\000\040\004\072\004\076\004\075\004\104\004\070\004\063\004\103\004\100\004\070\004\100\004\076\004\062\004\060\004\075\004\070\004\117}{section.5.2}% 72
